// Jest Snapshot v1, https://goo.gl/fbAQLP

exports[`VideoComponent render video components 1`] = `
<div>
  <video
    autoplay=""
    class="videoPlayer"
    controls=""
    playsinline=""
    style="width: 640px; height: 360px;"
  />
</div>
`;
